gthr-default.h:229:1:int __gthread_key_delete(__gthread_key_t)	16	static
Parser.h:7:2:Parser::Parser()	16	static
main.cpp:33:13:void prvSetupHardware()	8	static
main.cpp:43:13:void calibrate(void*)	168	static
main.cpp:138:5:int main()	120	static
main.cpp:181:6:void motor(char)	80	static
basic_string.h:6120:5:bool std::operator!=(const std::__cxx11::basic_string<_CharT, _Traits, _Alloc>&, const _CharT*) [with _CharT = char; _Traits = std::char_traits<char>; _Alloc = std::allocator<char>]	16	static
basic_string.h:6082:5:bool std::operator==(const std::__cxx11::basic_string<_CharT, _Traits, _Alloc>&, const _CharT*) [with _CharT = char; _Traits = std::char_traits<char>; _Alloc = std::allocator<char>]	16	static
